// Bun Snapshot v1, https://goo.gl/fbAQLP

exports[`should match the form snapshot 1`] = `"<div class="min-h-screen w-full bg-gray-50 dark:bg-neutral-800"><div class="mx-auto max-w-[85rem] px-4 py-10 sm:px-6 lg:px-8 lg:py-14"><div id="form-form-container" class="mx-auto max-w-xl"><div class="text-center"><h1 class="text-3xl font-bold text-gray-800 sm:text-4xl dark:text-white">Form</h1></div><div class="mt-12"><form><div class="grid gap-4 lg:gap-6"><div class="mt-6 grid"><button type="submit" class="inline-flex w-full items-center justify-center gap-x-2 rounded-lg border border-transparent bg-blue-600 px-4 py-3 text-sm font-medium text-white hover:bg-blue-700 focus:bg-blue-700 focus:outline-hidden disabled:pointer-events-none disabled:opacity-50">Save</button></div></div></form></div></div></div></div>"`;

exports[`should match the form snapshot with description 1`] = `"<div class="min-h-screen w-full bg-gray-50 dark:bg-neutral-800"><div class="mx-auto max-w-[85rem] px-4 py-10 sm:px-6 lg:px-8 lg:py-14"><div id="form-form-container" class="mx-auto max-w-xl"><div class="text-center"><h1 class="text-3xl font-bold text-gray-800 sm:text-4xl dark:text-white">Form</h1><p class="mt-1 text-gray-600 dark:text-neutral-400">Form description</p></div><div class="mt-12"><form><div class="grid gap-4 lg:gap-6"><div class="mt-6 grid"><button type="submit" class="inline-flex w-full items-center justify-center gap-x-2 rounded-lg border border-transparent bg-blue-600 px-4 py-3 text-sm font-medium text-white hover:bg-blue-700 focus:bg-blue-700 focus:outline-hidden disabled:pointer-events-none disabled:opacity-50">Save</button></div></div></form></div></div></div></div>"`;

exports[`should match the form snapshot with submit label 1`] = `"<div class="min-h-screen w-full bg-gray-50 dark:bg-neutral-800"><div class="mx-auto max-w-[85rem] px-4 py-10 sm:px-6 lg:px-8 lg:py-14"><div id="form-form-container" class="mx-auto max-w-xl"><div class="text-center"><h1 class="text-3xl font-bold text-gray-800 sm:text-4xl dark:text-white">Form</h1></div><div class="mt-12"><form><div class="grid gap-4 lg:gap-6"><div class="mt-6 grid"><button type="submit" class="inline-flex w-full items-center justify-center gap-x-2 rounded-lg border border-transparent bg-blue-600 px-4 py-3 text-sm font-medium text-white hover:bg-blue-700 focus:bg-blue-700 focus:outline-hidden disabled:pointer-events-none disabled:opacity-50">Save</button></div></div></form></div></div></div></div>"`;
