// Bun Snapshot v1, https://goo.gl/fbAQLP

exports[`should match the checkbox input snapshot 1`] = `"<div><input type="checkbox" class="shrink-0 mt-0.5 border-gray-200 rounded-sm text-blue-600 focus:ring-blue-500 checked:border-blue-500 disabled:opacity-50 disabled:pointer-events-none dark:bg-neutral-800 dark:border-neutral-700 dark:checked:bg-blue-500 dark:checked:border-blue-500 dark:focus:ring-offset-gray-800" name="name"/></div>"`;

exports[`should match the checkbox input snapshot with label 1`] = `"<div><label for="name" class="block mb-2 text-sm text-gray-700 font-medium dark:text-white">Name</label><input type="checkbox" class="shrink-0 mt-0.5 border-gray-200 rounded-sm text-blue-600 focus:ring-blue-500 checked:border-blue-500 disabled:opacity-50 disabled:pointer-events-none dark:bg-neutral-800 dark:border-neutral-700 dark:checked:bg-blue-500 dark:checked:border-blue-500 dark:focus:ring-offset-gray-800" name="name"/></div>"`;

exports[`should match the checkbox input snapshot with description 1`] = `"<div><p class="mb-2 text-sm text-gray-500 dark:text-neutral-500">Description</p><input type="checkbox" class="shrink-0 mt-0.5 border-gray-200 rounded-sm text-blue-600 focus:ring-blue-500 checked:border-blue-500 disabled:opacity-50 disabled:pointer-events-none dark:bg-neutral-800 dark:border-neutral-700 dark:checked:bg-blue-500 dark:checked:border-blue-500 dark:focus:ring-offset-gray-800" name="name"/></div>"`;

exports[`should match the checkbox input snapshot with label and description 1`] = `"<div><label for="name" class="block mb-2 text-sm text-gray-700 font-medium dark:text-white">Name</label><p class="mb-2 text-sm text-gray-500 dark:text-neutral-500">Description</p><input type="checkbox" class="shrink-0 mt-0.5 border-gray-200 rounded-sm text-blue-600 focus:ring-blue-500 checked:border-blue-500 disabled:opacity-50 disabled:pointer-events-none dark:bg-neutral-800 dark:border-neutral-700 dark:checked:bg-blue-500 dark:checked:border-blue-500 dark:focus:ring-offset-gray-800" name="name"/></div>"`;

exports[`should match the checkbox input snapshot with required 1`] = `"<div><input type="checkbox" required="" class="shrink-0 mt-0.5 border-gray-200 rounded-sm text-blue-600 focus:ring-blue-500 checked:border-blue-500 disabled:opacity-50 disabled:pointer-events-none dark:bg-neutral-800 dark:border-neutral-700 dark:checked:bg-blue-500 dark:checked:border-blue-500 dark:focus:ring-offset-gray-800" name="name"/></div>"`;
