// Bun Snapshot v1, https://goo.gl/fbAQLP

exports[`should match the single select input snapshot 1`] = `
"<div><select name="name" data-hs-select="{
        &quot;placeholder&quot;: &quot;&quot;,
        &quot;toggleTag&quot;: &quot;&lt;button type=\\&quot;button\\&quot; aria-expanded=\\&quot;false\\&quot;&gt;&lt;/button&gt;&quot;,
        &quot;toggleClasses&quot;: &quot;hs-select-disabled:pointer-events-none hs-select-disabled:opacity-50 relative py-3 ps-4 pe-9 flex gap-x-2 text-nowrap w-full cursor-pointer bg-white border border-gray-200 rounded-lg text-start text-sm focus:outline-hidden focus:ring-2 focus:ring-blue-500 dark:bg-neutral-900 dark:border-neutral-700 dark:text-neutral-400 dark:focus:outline-hidden dark:focus:ring-1 dark:focus:ring-neutral-600&quot;,
        &quot;dropdownClasses&quot;: &quot;mt-2 z-50 w-full max-h-72 p-1 space-y-0.5 bg-white border border-gray-200 rounded-lg overflow-hidden overflow-y-auto [&amp;::-webkit-scrollbar]:w-2 [&amp;::-webkit-scrollbar-thumb]:rounded-full [&amp;::-webkit-scrollbar-track]:bg-gray-100 [&amp;::-webkit-scrollbar-thumb]:bg-gray-300 dark:[&amp;::-webkit-scrollbar-track]:bg-neutral-700 dark:[&amp;::-webkit-scrollbar-thumb]:bg-neutral-500 dark:bg-neutral-900 dark:border-neutral-700&quot;,
        &quot;optionClasses&quot;: &quot;py-2 px-4 w-full text-sm text-gray-800 cursor-pointer hover:bg-gray-100 rounded-lg focus:outline-hidden focus:bg-gray-100 hs-select-disabled:pointer-events-none hs-select-disabled:opacity-50 dark:bg-neutral-900 dark:hover:bg-neutral-800 dark:text-neutral-200 dark:focus:bg-neutral-800&quot;,
        &quot;optionTemplate&quot;: &quot;&lt;div class=\\&quot;flex justify-between items-center w-full\\&quot;&gt;&lt;span data-title&gt;&lt;/span&gt;&lt;span class=\\&quot;hidden hs-selected:block\\&quot;&gt;&lt;svg class=\\&quot;shrink-0 size-3.5 text-blue-600 dark:text-blue-500 \\&quot; xmlns=\\&quot;http:.w3.org/2000/svg\\&quot; width=\\&quot;24\\&quot; height=\\&quot;24\\&quot; viewBox=\\&quot;0 0 24 24\\&quot; fill=\\&quot;none\\&quot; stroke=\\&quot;currentColor\\&quot; stroke-width=\\&quot;2\\&quot; stroke-linecap=\\&quot;round\\&quot; stroke-linejoin=\\&quot;round\\&quot;&gt;&lt;polyline points=\\&quot;20 6 9 17 4 12\\&quot;/&gt;&lt;/svg&gt;&lt;/span&gt;&lt;/div&gt;&quot;,
        &quot;extraMarkup&quot;: &quot;&lt;div class=\\&quot;absolute top-1/2 end-3 -translate-y-1/2\\&quot;&gt;&lt;svg class=\\&quot;shrink-0 size-3.5 text-gray-500 dark:text-neutral-500 \\&quot; xmlns=\\&quot;http://www.w3.org/2000/svg\\&quot; width=\\&quot;24\\&quot; height=\\&quot;24\\&quot; viewBox=\\&quot;0 0 24 24\\&quot; fill=\\&quot;none\\&quot; stroke=\\&quot;currentColor\\&quot; stroke-width=\\&quot;2\\&quot; stroke-linecap=\\&quot;round\\&quot; stroke-linejoin=\\&quot;round\\&quot;&gt;&lt;path d=\\&quot;m7 15 5 5 5-5\\&quot;/&gt;&lt;path d=\\&quot;m7 9 5-5 5 5\\&quot;/&gt;&lt;/svg&gt;&lt;/div&gt;&quot;
      }" class="hidden"><option value=""></option><option>Option 1</option><option>Option 2</option><option>Option 3</option></select></div>"
`;

exports[`should match the single select input snapshot with label 1`] = `
"<div><label for="name" class="mb-2 block text-sm font-medium text-gray-700 dark:text-white">Name</label><select name="name" data-hs-select="{
        &quot;placeholder&quot;: &quot;&quot;,
        &quot;toggleTag&quot;: &quot;&lt;button type=\\&quot;button\\&quot; aria-expanded=\\&quot;false\\&quot;&gt;&lt;/button&gt;&quot;,
        &quot;toggleClasses&quot;: &quot;hs-select-disabled:pointer-events-none hs-select-disabled:opacity-50 relative py-3 ps-4 pe-9 flex gap-x-2 text-nowrap w-full cursor-pointer bg-white border border-gray-200 rounded-lg text-start text-sm focus:outline-hidden focus:ring-2 focus:ring-blue-500 dark:bg-neutral-900 dark:border-neutral-700 dark:text-neutral-400 dark:focus:outline-hidden dark:focus:ring-1 dark:focus:ring-neutral-600&quot;,
        &quot;dropdownClasses&quot;: &quot;mt-2 z-50 w-full max-h-72 p-1 space-y-0.5 bg-white border border-gray-200 rounded-lg overflow-hidden overflow-y-auto [&amp;::-webkit-scrollbar]:w-2 [&amp;::-webkit-scrollbar-thumb]:rounded-full [&amp;::-webkit-scrollbar-track]:bg-gray-100 [&amp;::-webkit-scrollbar-thumb]:bg-gray-300 dark:[&amp;::-webkit-scrollbar-track]:bg-neutral-700 dark:[&amp;::-webkit-scrollbar-thumb]:bg-neutral-500 dark:bg-neutral-900 dark:border-neutral-700&quot;,
        &quot;optionClasses&quot;: &quot;py-2 px-4 w-full text-sm text-gray-800 cursor-pointer hover:bg-gray-100 rounded-lg focus:outline-hidden focus:bg-gray-100 hs-select-disabled:pointer-events-none hs-select-disabled:opacity-50 dark:bg-neutral-900 dark:hover:bg-neutral-800 dark:text-neutral-200 dark:focus:bg-neutral-800&quot;,
        &quot;optionTemplate&quot;: &quot;&lt;div class=\\&quot;flex justify-between items-center w-full\\&quot;&gt;&lt;span data-title&gt;&lt;/span&gt;&lt;span class=\\&quot;hidden hs-selected:block\\&quot;&gt;&lt;svg class=\\&quot;shrink-0 size-3.5 text-blue-600 dark:text-blue-500 \\&quot; xmlns=\\&quot;http:.w3.org/2000/svg\\&quot; width=\\&quot;24\\&quot; height=\\&quot;24\\&quot; viewBox=\\&quot;0 0 24 24\\&quot; fill=\\&quot;none\\&quot; stroke=\\&quot;currentColor\\&quot; stroke-width=\\&quot;2\\&quot; stroke-linecap=\\&quot;round\\&quot; stroke-linejoin=\\&quot;round\\&quot;&gt;&lt;polyline points=\\&quot;20 6 9 17 4 12\\&quot;/&gt;&lt;/svg&gt;&lt;/span&gt;&lt;/div&gt;&quot;,
        &quot;extraMarkup&quot;: &quot;&lt;div class=\\&quot;absolute top-1/2 end-3 -translate-y-1/2\\&quot;&gt;&lt;svg class=\\&quot;shrink-0 size-3.5 text-gray-500 dark:text-neutral-500 \\&quot; xmlns=\\&quot;http://www.w3.org/2000/svg\\&quot; width=\\&quot;24\\&quot; height=\\&quot;24\\&quot; viewBox=\\&quot;0 0 24 24\\&quot; fill=\\&quot;none\\&quot; stroke=\\&quot;currentColor\\&quot; stroke-width=\\&quot;2\\&quot; stroke-linecap=\\&quot;round\\&quot; stroke-linejoin=\\&quot;round\\&quot;&gt;&lt;path d=\\&quot;m7 15 5 5 5-5\\&quot;/&gt;&lt;path d=\\&quot;m7 9 5-5 5 5\\&quot;/&gt;&lt;/svg&gt;&lt;/div&gt;&quot;
      }" class="hidden"><option value=""></option><option>Option 1</option><option>Option 2</option><option>Option 3</option></select></div>"
`;

exports[`should match the single select input snapshot with description 1`] = `
"<div><p class="mb-2 text-sm text-gray-500 dark:text-neutral-500">Description</p><select name="name" data-hs-select="{
        &quot;placeholder&quot;: &quot;&quot;,
        &quot;toggleTag&quot;: &quot;&lt;button type=\\&quot;button\\&quot; aria-expanded=\\&quot;false\\&quot;&gt;&lt;/button&gt;&quot;,
        &quot;toggleClasses&quot;: &quot;hs-select-disabled:pointer-events-none hs-select-disabled:opacity-50 relative py-3 ps-4 pe-9 flex gap-x-2 text-nowrap w-full cursor-pointer bg-white border border-gray-200 rounded-lg text-start text-sm focus:outline-hidden focus:ring-2 focus:ring-blue-500 dark:bg-neutral-900 dark:border-neutral-700 dark:text-neutral-400 dark:focus:outline-hidden dark:focus:ring-1 dark:focus:ring-neutral-600&quot;,
        &quot;dropdownClasses&quot;: &quot;mt-2 z-50 w-full max-h-72 p-1 space-y-0.5 bg-white border border-gray-200 rounded-lg overflow-hidden overflow-y-auto [&amp;::-webkit-scrollbar]:w-2 [&amp;::-webkit-scrollbar-thumb]:rounded-full [&amp;::-webkit-scrollbar-track]:bg-gray-100 [&amp;::-webkit-scrollbar-thumb]:bg-gray-300 dark:[&amp;::-webkit-scrollbar-track]:bg-neutral-700 dark:[&amp;::-webkit-scrollbar-thumb]:bg-neutral-500 dark:bg-neutral-900 dark:border-neutral-700&quot;,
        &quot;optionClasses&quot;: &quot;py-2 px-4 w-full text-sm text-gray-800 cursor-pointer hover:bg-gray-100 rounded-lg focus:outline-hidden focus:bg-gray-100 hs-select-disabled:pointer-events-none hs-select-disabled:opacity-50 dark:bg-neutral-900 dark:hover:bg-neutral-800 dark:text-neutral-200 dark:focus:bg-neutral-800&quot;,
        &quot;optionTemplate&quot;: &quot;&lt;div class=\\&quot;flex justify-between items-center w-full\\&quot;&gt;&lt;span data-title&gt;&lt;/span&gt;&lt;span class=\\&quot;hidden hs-selected:block\\&quot;&gt;&lt;svg class=\\&quot;shrink-0 size-3.5 text-blue-600 dark:text-blue-500 \\&quot; xmlns=\\&quot;http:.w3.org/2000/svg\\&quot; width=\\&quot;24\\&quot; height=\\&quot;24\\&quot; viewBox=\\&quot;0 0 24 24\\&quot; fill=\\&quot;none\\&quot; stroke=\\&quot;currentColor\\&quot; stroke-width=\\&quot;2\\&quot; stroke-linecap=\\&quot;round\\&quot; stroke-linejoin=\\&quot;round\\&quot;&gt;&lt;polyline points=\\&quot;20 6 9 17 4 12\\&quot;/&gt;&lt;/svg&gt;&lt;/span&gt;&lt;/div&gt;&quot;,
        &quot;extraMarkup&quot;: &quot;&lt;div class=\\&quot;absolute top-1/2 end-3 -translate-y-1/2\\&quot;&gt;&lt;svg class=\\&quot;shrink-0 size-3.5 text-gray-500 dark:text-neutral-500 \\&quot; xmlns=\\&quot;http://www.w3.org/2000/svg\\&quot; width=\\&quot;24\\&quot; height=\\&quot;24\\&quot; viewBox=\\&quot;0 0 24 24\\&quot; fill=\\&quot;none\\&quot; stroke=\\&quot;currentColor\\&quot; stroke-width=\\&quot;2\\&quot; stroke-linecap=\\&quot;round\\&quot; stroke-linejoin=\\&quot;round\\&quot;&gt;&lt;path d=\\&quot;m7 15 5 5 5-5\\&quot;/&gt;&lt;path d=\\&quot;m7 9 5-5 5 5\\&quot;/&gt;&lt;/svg&gt;&lt;/div&gt;&quot;
      }" class="hidden"><option value=""></option><option>Option 1</option><option>Option 2</option><option>Option 3</option></select></div>"
`;

exports[`should match the single select input snapshot with label and description 1`] = `
"<div><label for="name" class="mb-2 block text-sm font-medium text-gray-700 dark:text-white">Name</label><p class="mb-2 text-sm text-gray-500 dark:text-neutral-500">Description</p><select name="name" data-hs-select="{
        &quot;placeholder&quot;: &quot;&quot;,
        &quot;toggleTag&quot;: &quot;&lt;button type=\\&quot;button\\&quot; aria-expanded=\\&quot;false\\&quot;&gt;&lt;/button&gt;&quot;,
        &quot;toggleClasses&quot;: &quot;hs-select-disabled:pointer-events-none hs-select-disabled:opacity-50 relative py-3 ps-4 pe-9 flex gap-x-2 text-nowrap w-full cursor-pointer bg-white border border-gray-200 rounded-lg text-start text-sm focus:outline-hidden focus:ring-2 focus:ring-blue-500 dark:bg-neutral-900 dark:border-neutral-700 dark:text-neutral-400 dark:focus:outline-hidden dark:focus:ring-1 dark:focus:ring-neutral-600&quot;,
        &quot;dropdownClasses&quot;: &quot;mt-2 z-50 w-full max-h-72 p-1 space-y-0.5 bg-white border border-gray-200 rounded-lg overflow-hidden overflow-y-auto [&amp;::-webkit-scrollbar]:w-2 [&amp;::-webkit-scrollbar-thumb]:rounded-full [&amp;::-webkit-scrollbar-track]:bg-gray-100 [&amp;::-webkit-scrollbar-thumb]:bg-gray-300 dark:[&amp;::-webkit-scrollbar-track]:bg-neutral-700 dark:[&amp;::-webkit-scrollbar-thumb]:bg-neutral-500 dark:bg-neutral-900 dark:border-neutral-700&quot;,
        &quot;optionClasses&quot;: &quot;py-2 px-4 w-full text-sm text-gray-800 cursor-pointer hover:bg-gray-100 rounded-lg focus:outline-hidden focus:bg-gray-100 hs-select-disabled:pointer-events-none hs-select-disabled:opacity-50 dark:bg-neutral-900 dark:hover:bg-neutral-800 dark:text-neutral-200 dark:focus:bg-neutral-800&quot;,
        &quot;optionTemplate&quot;: &quot;&lt;div class=\\&quot;flex justify-between items-center w-full\\&quot;&gt;&lt;span data-title&gt;&lt;/span&gt;&lt;span class=\\&quot;hidden hs-selected:block\\&quot;&gt;&lt;svg class=\\&quot;shrink-0 size-3.5 text-blue-600 dark:text-blue-500 \\&quot; xmlns=\\&quot;http:.w3.org/2000/svg\\&quot; width=\\&quot;24\\&quot; height=\\&quot;24\\&quot; viewBox=\\&quot;0 0 24 24\\&quot; fill=\\&quot;none\\&quot; stroke=\\&quot;currentColor\\&quot; stroke-width=\\&quot;2\\&quot; stroke-linecap=\\&quot;round\\&quot; stroke-linejoin=\\&quot;round\\&quot;&gt;&lt;polyline points=\\&quot;20 6 9 17 4 12\\&quot;/&gt;&lt;/svg&gt;&lt;/span&gt;&lt;/div&gt;&quot;,
        &quot;extraMarkup&quot;: &quot;&lt;div class=\\&quot;absolute top-1/2 end-3 -translate-y-1/2\\&quot;&gt;&lt;svg class=\\&quot;shrink-0 size-3.5 text-gray-500 dark:text-neutral-500 \\&quot; xmlns=\\&quot;http://www.w3.org/2000/svg\\&quot; width=\\&quot;24\\&quot; height=\\&quot;24\\&quot; viewBox=\\&quot;0 0 24 24\\&quot; fill=\\&quot;none\\&quot; stroke=\\&quot;currentColor\\&quot; stroke-width=\\&quot;2\\&quot; stroke-linecap=\\&quot;round\\&quot; stroke-linejoin=\\&quot;round\\&quot;&gt;&lt;path d=\\&quot;m7 15 5 5 5-5\\&quot;/&gt;&lt;path d=\\&quot;m7 9 5-5 5 5\\&quot;/&gt;&lt;/svg&gt;&lt;/div&gt;&quot;
      }" class="hidden"><option value=""></option><option>Option 1</option><option>Option 2</option><option>Option 3</option></select></div>"
`;

exports[`should match the single select input snapshot with placeholder 1`] = `
"<div><select name="name" data-hs-select="{
        &quot;placeholder&quot;: &quot;Placeholder&quot;,
        &quot;toggleTag&quot;: &quot;&lt;button type=\\&quot;button\\&quot; aria-expanded=\\&quot;false\\&quot;&gt;&lt;/button&gt;&quot;,
        &quot;toggleClasses&quot;: &quot;hs-select-disabled:pointer-events-none hs-select-disabled:opacity-50 relative py-3 ps-4 pe-9 flex gap-x-2 text-nowrap w-full cursor-pointer bg-white border border-gray-200 rounded-lg text-start text-sm focus:outline-hidden focus:ring-2 focus:ring-blue-500 dark:bg-neutral-900 dark:border-neutral-700 dark:text-neutral-400 dark:focus:outline-hidden dark:focus:ring-1 dark:focus:ring-neutral-600&quot;,
        &quot;dropdownClasses&quot;: &quot;mt-2 z-50 w-full max-h-72 p-1 space-y-0.5 bg-white border border-gray-200 rounded-lg overflow-hidden overflow-y-auto [&amp;::-webkit-scrollbar]:w-2 [&amp;::-webkit-scrollbar-thumb]:rounded-full [&amp;::-webkit-scrollbar-track]:bg-gray-100 [&amp;::-webkit-scrollbar-thumb]:bg-gray-300 dark:[&amp;::-webkit-scrollbar-track]:bg-neutral-700 dark:[&amp;::-webkit-scrollbar-thumb]:bg-neutral-500 dark:bg-neutral-900 dark:border-neutral-700&quot;,
        &quot;optionClasses&quot;: &quot;py-2 px-4 w-full text-sm text-gray-800 cursor-pointer hover:bg-gray-100 rounded-lg focus:outline-hidden focus:bg-gray-100 hs-select-disabled:pointer-events-none hs-select-disabled:opacity-50 dark:bg-neutral-900 dark:hover:bg-neutral-800 dark:text-neutral-200 dark:focus:bg-neutral-800&quot;,
        &quot;optionTemplate&quot;: &quot;&lt;div class=\\&quot;flex justify-between items-center w-full\\&quot;&gt;&lt;span data-title&gt;&lt;/span&gt;&lt;span class=\\&quot;hidden hs-selected:block\\&quot;&gt;&lt;svg class=\\&quot;shrink-0 size-3.5 text-blue-600 dark:text-blue-500 \\&quot; xmlns=\\&quot;http:.w3.org/2000/svg\\&quot; width=\\&quot;24\\&quot; height=\\&quot;24\\&quot; viewBox=\\&quot;0 0 24 24\\&quot; fill=\\&quot;none\\&quot; stroke=\\&quot;currentColor\\&quot; stroke-width=\\&quot;2\\&quot; stroke-linecap=\\&quot;round\\&quot; stroke-linejoin=\\&quot;round\\&quot;&gt;&lt;polyline points=\\&quot;20 6 9 17 4 12\\&quot;/&gt;&lt;/svg&gt;&lt;/span&gt;&lt;/div&gt;&quot;,
        &quot;extraMarkup&quot;: &quot;&lt;div class=\\&quot;absolute top-1/2 end-3 -translate-y-1/2\\&quot;&gt;&lt;svg class=\\&quot;shrink-0 size-3.5 text-gray-500 dark:text-neutral-500 \\&quot; xmlns=\\&quot;http://www.w3.org/2000/svg\\&quot; width=\\&quot;24\\&quot; height=\\&quot;24\\&quot; viewBox=\\&quot;0 0 24 24\\&quot; fill=\\&quot;none\\&quot; stroke=\\&quot;currentColor\\&quot; stroke-width=\\&quot;2\\&quot; stroke-linecap=\\&quot;round\\&quot; stroke-linejoin=\\&quot;round\\&quot;&gt;&lt;path d=\\&quot;m7 15 5 5 5-5\\&quot;/&gt;&lt;path d=\\&quot;m7 9 5-5 5 5\\&quot;/&gt;&lt;/svg&gt;&lt;/div&gt;&quot;
      }" class="hidden"><option value=""></option><option>Option 1</option><option>Option 2</option><option>Option 3</option></select></div>"
`;

exports[`should match the single select input snapshot with required 1`] = `
"<div><select name="name" required="" data-hs-select="{
        &quot;placeholder&quot;: &quot;&quot;,
        &quot;toggleTag&quot;: &quot;&lt;button type=\\&quot;button\\&quot; aria-expanded=\\&quot;false\\&quot;&gt;&lt;/button&gt;&quot;,
        &quot;toggleClasses&quot;: &quot;hs-select-disabled:pointer-events-none hs-select-disabled:opacity-50 relative py-3 ps-4 pe-9 flex gap-x-2 text-nowrap w-full cursor-pointer bg-white border border-gray-200 rounded-lg text-start text-sm focus:outline-hidden focus:ring-2 focus:ring-blue-500 dark:bg-neutral-900 dark:border-neutral-700 dark:text-neutral-400 dark:focus:outline-hidden dark:focus:ring-1 dark:focus:ring-neutral-600&quot;,
        &quot;dropdownClasses&quot;: &quot;mt-2 z-50 w-full max-h-72 p-1 space-y-0.5 bg-white border border-gray-200 rounded-lg overflow-hidden overflow-y-auto [&amp;::-webkit-scrollbar]:w-2 [&amp;::-webkit-scrollbar-thumb]:rounded-full [&amp;::-webkit-scrollbar-track]:bg-gray-100 [&amp;::-webkit-scrollbar-thumb]:bg-gray-300 dark:[&amp;::-webkit-scrollbar-track]:bg-neutral-700 dark:[&amp;::-webkit-scrollbar-thumb]:bg-neutral-500 dark:bg-neutral-900 dark:border-neutral-700&quot;,
        &quot;optionClasses&quot;: &quot;py-2 px-4 w-full text-sm text-gray-800 cursor-pointer hover:bg-gray-100 rounded-lg focus:outline-hidden focus:bg-gray-100 hs-select-disabled:pointer-events-none hs-select-disabled:opacity-50 dark:bg-neutral-900 dark:hover:bg-neutral-800 dark:text-neutral-200 dark:focus:bg-neutral-800&quot;,
        &quot;optionTemplate&quot;: &quot;&lt;div class=\\&quot;flex justify-between items-center w-full\\&quot;&gt;&lt;span data-title&gt;&lt;/span&gt;&lt;span class=\\&quot;hidden hs-selected:block\\&quot;&gt;&lt;svg class=\\&quot;shrink-0 size-3.5 text-blue-600 dark:text-blue-500 \\&quot; xmlns=\\&quot;http:.w3.org/2000/svg\\&quot; width=\\&quot;24\\&quot; height=\\&quot;24\\&quot; viewBox=\\&quot;0 0 24 24\\&quot; fill=\\&quot;none\\&quot; stroke=\\&quot;currentColor\\&quot; stroke-width=\\&quot;2\\&quot; stroke-linecap=\\&quot;round\\&quot; stroke-linejoin=\\&quot;round\\&quot;&gt;&lt;polyline points=\\&quot;20 6 9 17 4 12\\&quot;/&gt;&lt;/svg&gt;&lt;/span&gt;&lt;/div&gt;&quot;,
        &quot;extraMarkup&quot;: &quot;&lt;div class=\\&quot;absolute top-1/2 end-3 -translate-y-1/2\\&quot;&gt;&lt;svg class=\\&quot;shrink-0 size-3.5 text-gray-500 dark:text-neutral-500 \\&quot; xmlns=\\&quot;http://www.w3.org/2000/svg\\&quot; width=\\&quot;24\\&quot; height=\\&quot;24\\&quot; viewBox=\\&quot;0 0 24 24\\&quot; fill=\\&quot;none\\&quot; stroke=\\&quot;currentColor\\&quot; stroke-width=\\&quot;2\\&quot; stroke-linecap=\\&quot;round\\&quot; stroke-linejoin=\\&quot;round\\&quot;&gt;&lt;path d=\\&quot;m7 15 5 5 5-5\\&quot;/&gt;&lt;path d=\\&quot;m7 9 5-5 5 5\\&quot;/&gt;&lt;/svg&gt;&lt;/div&gt;&quot;
      }" class="hidden"><option value=""></option><option>Option 1</option><option>Option 2</option><option>Option 3</option></select></div>"
`;
