// Bun Snapshot v1, https://goo.gl/fbAQLP

exports[`should match the textarea snapshot 1`] = `"<div><label for="name" class="mb-2 block text-sm font-medium text-gray-700 dark:text-white">name</label><textarea id="name" name="name" class="block w-full rounded-lg border-gray-200 px-3 py-2 focus:border-blue-500 focus:ring-blue-500 disabled:pointer-events-none disabled:opacity-50 sm:px-4 sm:py-3 sm:text-sm dark:border-neutral-700 dark:bg-neutral-900 dark:text-neutral-400 dark:placeholder-neutral-500 dark:focus:ring-neutral-600" rows="3" data-hs-textarea-auto-height=""></textarea></div>"`;

exports[`should match the textarea snapshot with label 1`] = `"<div><label for="name" class="mb-2 block text-sm font-medium text-gray-700 dark:text-white">Name</label><textarea id="name" name="name" class="block w-full rounded-lg border-gray-200 px-3 py-2 focus:border-blue-500 focus:ring-blue-500 disabled:pointer-events-none disabled:opacity-50 sm:px-4 sm:py-3 sm:text-sm dark:border-neutral-700 dark:bg-neutral-900 dark:text-neutral-400 dark:placeholder-neutral-500 dark:focus:ring-neutral-600" rows="3" data-hs-textarea-auto-height=""></textarea></div>"`;

exports[`should match the textarea snapshot with description 1`] = `"<div><label for="name" class="mb-2 block text-sm font-medium text-gray-700 dark:text-white">name</label><p class="mb-2 text-sm text-gray-500 dark:text-neutral-500">Description</p><textarea id="name" name="name" class="block w-full rounded-lg border-gray-200 px-3 py-2 focus:border-blue-500 focus:ring-blue-500 disabled:pointer-events-none disabled:opacity-50 sm:px-4 sm:py-3 sm:text-sm dark:border-neutral-700 dark:bg-neutral-900 dark:text-neutral-400 dark:placeholder-neutral-500 dark:focus:ring-neutral-600" rows="3" data-hs-textarea-auto-height=""></textarea></div>"`;

exports[`should match the textarea snapshot with label and description 1`] = `"<div><label for="name" class="mb-2 block text-sm font-medium text-gray-700 dark:text-white">Name</label><p class="mb-2 text-sm text-gray-500 dark:text-neutral-500">Description</p><textarea id="name" name="name" class="block w-full rounded-lg border-gray-200 px-3 py-2 focus:border-blue-500 focus:ring-blue-500 disabled:pointer-events-none disabled:opacity-50 sm:px-4 sm:py-3 sm:text-sm dark:border-neutral-700 dark:bg-neutral-900 dark:text-neutral-400 dark:placeholder-neutral-500 dark:focus:ring-neutral-600" rows="3" data-hs-textarea-auto-height=""></textarea></div>"`;

exports[`should match the textarea snapshot with placeholder 1`] = `"<div><label for="name" class="mb-2 block text-sm font-medium text-gray-700 dark:text-white">name</label><textarea id="name" name="name" class="block w-full rounded-lg border-gray-200 px-3 py-2 focus:border-blue-500 focus:ring-blue-500 disabled:pointer-events-none disabled:opacity-50 sm:px-4 sm:py-3 sm:text-sm dark:border-neutral-700 dark:bg-neutral-900 dark:text-neutral-400 dark:placeholder-neutral-500 dark:focus:ring-neutral-600" rows="3" placeholder="Placeholder" data-hs-textarea-auto-height=""></textarea></div>"`;

exports[`should match the textarea snapshot with required 1`] = `"<div><label for="name" class="mb-2 block text-sm font-medium text-gray-700 dark:text-white">name<span class="text-red-500"> *</span></label><textarea id="name" name="name" required="" class="block w-full rounded-lg border-gray-200 px-3 py-2 focus:border-blue-500 focus:ring-blue-500 disabled:pointer-events-none disabled:opacity-50 sm:px-4 sm:py-3 sm:text-sm dark:border-neutral-700 dark:bg-neutral-900 dark:text-neutral-400 dark:placeholder-neutral-500 dark:focus:ring-neutral-600" rows="3" data-hs-textarea-auto-height=""></textarea></div>"`;
