// Bun Snapshot v1, https://goo.gl/fbAQLP

exports[`should match the text input snapshot 1`] = `"<div><label for="name" class="mb-2 block text-sm font-medium text-gray-700 dark:text-white">name</label><input type="text" class="block w-full rounded-lg border border-gray-200 bg-white px-4 py-2.5 focus:border-blue-500 focus:ring-blue-500 disabled:pointer-events-none disabled:opacity-50 sm:py-3 sm:text-sm dark:border-neutral-700 dark:bg-neutral-900 dark:text-white dark:placeholder-neutral-500 dark:focus:ring-neutral-600" name="name"/></div>"`;

exports[`should match the email input snapshot 1`] = `"<div><label for="name" class="mb-2 block text-sm font-medium text-gray-700 dark:text-white">name</label><input type="text" class="block w-full rounded-lg border border-gray-200 bg-white px-4 py-2.5 focus:border-blue-500 focus:ring-blue-500 disabled:pointer-events-none disabled:opacity-50 sm:py-3 sm:text-sm dark:border-neutral-700 dark:bg-neutral-900 dark:text-white dark:placeholder-neutral-500 dark:focus:ring-neutral-600" name="name"/></div>"`;

exports[`should match the text input snapshot with label 1`] = `"<div><label for="name" class="mb-2 block text-sm font-medium text-gray-700 dark:text-white">Name</label><input type="text" class="block w-full rounded-lg border border-gray-200 bg-white px-4 py-2.5 focus:border-blue-500 focus:ring-blue-500 disabled:pointer-events-none disabled:opacity-50 sm:py-3 sm:text-sm dark:border-neutral-700 dark:bg-neutral-900 dark:text-white dark:placeholder-neutral-500 dark:focus:ring-neutral-600" name="name"/></div>"`;

exports[`should match the text input snapshot with description 1`] = `"<div><label for="name" class="mb-2 block text-sm font-medium text-gray-700 dark:text-white">name</label><p class="mb-2 text-sm text-gray-500 dark:text-neutral-500">Description</p><input type="text" class="block w-full rounded-lg border border-gray-200 bg-white px-4 py-2.5 focus:border-blue-500 focus:ring-blue-500 disabled:pointer-events-none disabled:opacity-50 sm:py-3 sm:text-sm dark:border-neutral-700 dark:bg-neutral-900 dark:text-white dark:placeholder-neutral-500 dark:focus:ring-neutral-600" name="name"/></div>"`;

exports[`should match the text input snapshot with label and description 1`] = `"<div><label for="name" class="mb-2 block text-sm font-medium text-gray-700 dark:text-white">Name</label><p class="mb-2 text-sm text-gray-500 dark:text-neutral-500">Description</p><input type="text" class="block w-full rounded-lg border border-gray-200 bg-white px-4 py-2.5 focus:border-blue-500 focus:ring-blue-500 disabled:pointer-events-none disabled:opacity-50 sm:py-3 sm:text-sm dark:border-neutral-700 dark:bg-neutral-900 dark:text-white dark:placeholder-neutral-500 dark:focus:ring-neutral-600" name="name"/></div>"`;

exports[`should match the input snapshot with placeholder 1`] = `"<div><label for="name" class="mb-2 block text-sm font-medium text-gray-700 dark:text-white">name</label><input type="text" placeholder="Placeholder" class="block w-full rounded-lg border border-gray-200 bg-white px-4 py-2.5 focus:border-blue-500 focus:ring-blue-500 disabled:pointer-events-none disabled:opacity-50 sm:py-3 sm:text-sm dark:border-neutral-700 dark:bg-neutral-900 dark:text-white dark:placeholder-neutral-500 dark:focus:ring-neutral-600" name="name"/></div>"`;

exports[`should match the text input snapshot with required 1`] = `"<div><label for="name" class="mb-2 block text-sm font-medium text-gray-700 dark:text-white">name<span class="text-red-500"> *</span></label><input type="text" required="" class="block w-full rounded-lg border border-gray-200 bg-white px-4 py-2.5 focus:border-blue-500 focus:ring-blue-500 disabled:pointer-events-none disabled:opacity-50 sm:py-3 sm:text-sm dark:border-neutral-700 dark:bg-neutral-900 dark:text-white dark:placeholder-neutral-500 dark:focus:ring-neutral-600" name="name"/></div>"`;
