// Bun Snapshot v1, https://goo.gl/fbAQLP

exports[`should match the checkbox input snapshot 1`] = `"<div><label for="name" class="mb-2 block text-sm font-medium text-gray-700 dark:text-white">name</label><input type="checkbox" class="mt-0.5 shrink-0 rounded-sm border-gray-200 text-blue-600 checked:border-blue-500 focus:ring-blue-500 disabled:pointer-events-none disabled:opacity-50 dark:border-neutral-700 dark:bg-neutral-800 dark:checked:border-blue-500 dark:checked:bg-blue-500 dark:focus:ring-offset-gray-800" name="name"/></div>"`;

exports[`should match the checkbox input snapshot with label 1`] = `"<div><label for="name" class="mb-2 block text-sm font-medium text-gray-700 dark:text-white">Name</label><input type="checkbox" class="mt-0.5 shrink-0 rounded-sm border-gray-200 text-blue-600 checked:border-blue-500 focus:ring-blue-500 disabled:pointer-events-none disabled:opacity-50 dark:border-neutral-700 dark:bg-neutral-800 dark:checked:border-blue-500 dark:checked:bg-blue-500 dark:focus:ring-offset-gray-800" name="name"/></div>"`;

exports[`should match the checkbox input snapshot with description 1`] = `"<div><label for="name" class="mb-2 block text-sm font-medium text-gray-700 dark:text-white">name</label><p class="mb-2 text-sm text-gray-500 dark:text-neutral-500">Description</p><input type="checkbox" class="mt-0.5 shrink-0 rounded-sm border-gray-200 text-blue-600 checked:border-blue-500 focus:ring-blue-500 disabled:pointer-events-none disabled:opacity-50 dark:border-neutral-700 dark:bg-neutral-800 dark:checked:border-blue-500 dark:checked:bg-blue-500 dark:focus:ring-offset-gray-800" name="name"/></div>"`;

exports[`should match the checkbox input snapshot with label and description 1`] = `"<div><label for="name" class="mb-2 block text-sm font-medium text-gray-700 dark:text-white">Name</label><p class="mb-2 text-sm text-gray-500 dark:text-neutral-500">Description</p><input type="checkbox" class="mt-0.5 shrink-0 rounded-sm border-gray-200 text-blue-600 checked:border-blue-500 focus:ring-blue-500 disabled:pointer-events-none disabled:opacity-50 dark:border-neutral-700 dark:bg-neutral-800 dark:checked:border-blue-500 dark:checked:bg-blue-500 dark:focus:ring-offset-gray-800" name="name"/></div>"`;

exports[`should match the checkbox input snapshot with required 1`] = `"<div><label for="name" class="mb-2 block text-sm font-medium text-gray-700 dark:text-white">name<span class="text-red-500"> *</span></label><input type="checkbox" required="" class="mt-0.5 shrink-0 rounded-sm border-gray-200 text-blue-600 checked:border-blue-500 focus:ring-blue-500 disabled:pointer-events-none disabled:opacity-50 dark:border-neutral-700 dark:bg-neutral-800 dark:checked:border-blue-500 dark:checked:bg-blue-500 dark:focus:ring-offset-gray-800" name="name"/></div>"`;
