// Bun Snapshot v1, https://goo.gl/fbAQLP

exports[`Input should match the form snapshot 1`] = `"<div><input type="text" class="py-2.5 sm:py-3 px-4 block w-full bg-white border border-gray-200 rounded-lg sm:text-sm focus:border-blue-500 focus:ring-blue-500 disabled:opacity-50 disabled:pointer-events-none dark:bg-neutral-900 dark:border-neutral-700 dark:text-white dark:placeholder-neutral-500 dark:focus:ring-neutral-600" name="name"/></div>"`;

exports[`Input should match the input snapshot with label 1`] = `"<div><label for="name" class="block mb-2 text-sm text-gray-700 font-medium dark:text-white">Name</label><input type="text" class="py-2.5 sm:py-3 px-4 block w-full bg-white border border-gray-200 rounded-lg sm:text-sm focus:border-blue-500 focus:ring-blue-500 disabled:opacity-50 disabled:pointer-events-none dark:bg-neutral-900 dark:border-neutral-700 dark:text-white dark:placeholder-neutral-500 dark:focus:ring-neutral-600" name="name"/></div>"`;

exports[`Input should match the input snapshot with description 1`] = `"<div><p class="mb-2 text-sm text-gray-500 dark:text-neutral-500" id="description-Description">Description</p><input type="text" class="py-2.5 sm:py-3 px-4 block w-full bg-white border border-gray-200 rounded-lg sm:text-sm focus:border-blue-500 focus:ring-blue-500 disabled:opacity-50 disabled:pointer-events-none dark:bg-neutral-900 dark:border-neutral-700 dark:text-white dark:placeholder-neutral-500 dark:focus:ring-neutral-600" aria-describedby="description-name" name="name"/></div>"`;

exports[`Input should match the input snapshot with label and description 1`] = `"<div><label for="name" class="block mb-2 text-sm text-gray-700 font-medium dark:text-white">Name</label><p class="mb-2 text-sm text-gray-500 dark:text-neutral-500" id="description-Description">Description</p><input type="text" class="py-2.5 sm:py-3 px-4 block w-full bg-white border border-gray-200 rounded-lg sm:text-sm focus:border-blue-500 focus:ring-blue-500 disabled:opacity-50 disabled:pointer-events-none dark:bg-neutral-900 dark:border-neutral-700 dark:text-white dark:placeholder-neutral-500 dark:focus:ring-neutral-600" aria-describedby="description-name" name="name"/></div>"`;

exports[`Input should match the input snapshot with placeholder 1`] = `"<div><input type="text" placeholder="Placeholder" class="py-2.5 sm:py-3 px-4 block w-full bg-white border border-gray-200 rounded-lg sm:text-sm focus:border-blue-500 focus:ring-blue-500 disabled:opacity-50 disabled:pointer-events-none dark:bg-neutral-900 dark:border-neutral-700 dark:text-white dark:placeholder-neutral-500 dark:focus:ring-neutral-600" name="name"/></div>"`;

exports[`Input should match the input snapshot with required 1`] = `"<div><input type="text" required="" class="py-2.5 sm:py-3 px-4 block w-full bg-white border border-gray-200 rounded-lg sm:text-sm focus:border-blue-500 focus:ring-blue-500 disabled:opacity-50 disabled:pointer-events-none dark:bg-neutral-900 dark:border-neutral-700 dark:text-white dark:placeholder-neutral-500 dark:focus:ring-neutral-600" name="name"/></div>"`;
